[data] cached: /Users/sokorada/Documents/ERA_V5/MixtureOfExperts/data/train.bin, /Users/sokorada/Documents/ERA_V5/MixtureOfExperts/data/val.bin
device=mps budget=20,000,000 batch=32

########## dense ##########
[dense] step     0/1220 loss 5.8146 21,648 tok/s
[dense] step    25/1220 loss 3.1143 28,511 tok/s
[dense] step    50/1220 loss 2.4683 29,438 tok/s
[dense] step    75/1220 loss 2.3280 30,326 tok/s
[dense] step   100/1220 loss 2.2969 31,135 tok/s
[dense] step   125/1220 loss 2.2880 31,904 tok/s
[dense] step   150/1220 loss 2.2370 32,326 tok/s
[dense] step   175/1220 loss 2.2360 32,795 tok/s
[dense] step   200/1220 loss 2.1727 33,207 tok/s
[dense] step   225/1220 loss 2.1154 33,543 tok/s
[dense] step   250/1220 loss 2.0320 33,781 tok/s
[dense] step   275/1220 loss 1.9440 34,045 tok/s
[dense] step   300/1220 loss 1.8602 34,225 tok/s
[dense] step   325/1220 loss 1.7220 34,386 tok/s
[dense] step   350/1220 loss 1.6462 34,428 tok/s
[dense] step   375/1220 loss 1.5592 34,425 tok/s
[dense] step   400/1220 loss 1.4641 34,456 tok/s
[dense] step   425/1220 loss 1.4268 34,438 tok/s
[dense] step   450/1220 loss 1.3299 34,344 tok/s
[dense] step   475/1220 loss 1.2951 34,077 tok/s
[dense] step   500/1220 loss 1.2651 33,664 tok/s
[dense] step   525/1220 loss 1.2068 32,908 tok/s
[dense] step   550/1220 loss 1.1897 31,441 tok/s
[dense] step   575/1220 loss 1.1449 29,245 tok/s
[dense] step   600/1220 loss 1.1398 25,074 tok/s
[dense] step   625/1220 loss 1.1150 23,057 tok/s
[dense] step   650/1220 loss 1.1154 22,259 tok/s
[dense] step   675/1220 loss 1.1007 21,902 tok/s
[dense] step   700/1220 loss 1.1117 21,771 tok/s
[dense] step   725/1220 loss 1.0984 21,796 tok/s
[dense] step   750/1220 loss 1.0411 21,883 tok/s
[dense] step   775/1220 loss 1.0276 22,001 tok/s
[dense] step   800/1220 loss 1.0560 22,138 tok/s
[dense] step   825/1220 loss 1.0028 22,290 tok/s
[dense] step   850/1220 loss 1.0076 22,444 tok/s
[dense] step   875/1220 loss 0.9851 22,603 tok/s
[dense] step   900/1220 loss 0.9706 22,765 tok/s
[dense] step   925/1220 loss 0.9827 22,917 tok/s
[dense] step   950/1220 loss 1.0049 23,070 tok/s
[dense] step   975/1220 loss 0.9667 23,219 tok/s
[dense] step  1000/1220 loss 0.9865 23,365 tok/s
[dense] step  1025/1220 loss 0.9481 23,498 tok/s
[dense] step  1050/1220 loss 0.9492 23,614 tok/s
[dense] step  1075/1220 loss 0.9031 23,734 tok/s
[dense] step  1100/1220 loss 0.9480 23,833 tok/s
[dense] step  1125/1220 loss 0.9445 23,879 tok/s
[dense] step  1150/1220 loss 0.9195 23,908 tok/s
[dense] step  1175/1220 loss 0.9195 23,977 tok/s
[dense] step  1200/1220 loss 0.9162 24,022 tok/s
[dense] step  1219/1220 loss 0.9276 24,029 tok/s

dense: ffn=dense params=14.46M (active 14.46M) val_loss=0.9312 speed=24,029 tok/s
[saved] results/dense.json

########## moe ##########
[moe] step     0/1220 loss 5.5956 5,959 tok/s aux 0.151 maxload 3.31 dead 0
[moe] step    25/1220 loss 3.2237 10,719 tok/s aux 0.124 maxload 2.11 dead 2
[moe] step    50/1220 loss 2.4362 9,094 tok/s aux 0.120 maxload 1.28 dead 0
[moe] step    75/1220 loss 2.3278 8,423 tok/s aux 0.120 maxload 1.29 dead 0
[moe] step   100/1220 loss 2.3002 8,774 tok/s aux 0.121 maxload 1.32 dead 0
[moe] step   125/1220 loss 2.2862 9,352 tok/s aux 0.120 maxload 1.23 dead 0
[moe] step   150/1220 loss 2.2384 9,782 tok/s aux 0.121 maxload 1.27 dead 0
[moe] step   175/1220 loss 2.1965 10,293 tok/s aux 0.121 maxload 1.30 dead 0
[moe] step   200/1220 loss 2.1909 10,728 tok/s aux 0.120 maxload 1.28 dead 0
[moe] step   225/1220 loss 2.1699 11,186 tok/s aux 0.120 maxload 1.18 dead 0
[moe] step   250/1220 loss 2.1177 11,619 tok/s aux 0.121 maxload 1.19 dead 0
[moe] step   275/1220 loss 2.0378 12,064 tok/s aux 0.120 maxload 1.31 dead 0
[moe] step   300/1220 loss 1.9412 12,441 tok/s aux 0.121 maxload 1.26 dead 0
[moe] step   325/1220 loss 1.8566 12,763 tok/s aux 0.122 maxload 1.33 dead 0
[moe] step   350/1220 loss 1.7560 13,094 tok/s aux 0.121 maxload 1.23 dead 0
[moe] step   375/1220 loss 1.6754 13,403 tok/s aux 0.120 maxload 1.24 dead 0
[moe] step   400/1220 loss 1.5123 13,692 tok/s aux 0.121 maxload 1.24 dead 0
[moe] step   425/1220 loss 1.4932 13,970 tok/s aux 0.121 maxload 1.17 dead 0
[moe] step   450/1220 loss 1.4262 14,232 tok/s aux 0.120 maxload 1.19 dead 0
[moe] step   475/1220 loss 1.3629 14,454 tok/s aux 0.121 maxload 1.20 dead 0
[moe] step   500/1220 loss 1.3024 14,679 tok/s aux 0.120 maxload 1.22 dead 0
[moe] step   525/1220 loss 1.2662 14,872 tok/s aux 0.120 maxload 1.19 dead 0
[moe] step   550/1220 loss 1.1813 15,051 tok/s aux 0.120 maxload 1.17 dead 0
[moe] step   575/1220 loss 1.1668 15,114 tok/s aux 0.121 maxload 1.24 dead 0
[moe] step   600/1220 loss 1.1410 15,236 tok/s aux 0.121 maxload 1.12 dead 0
[moe] step   625/1220 loss 1.0909 15,332 tok/s aux 0.120 maxload 1.16 dead 0
[moe] step   650/1220 loss 1.0693 15,411 tok/s aux 0.120 maxload 1.15 dead 0
[moe] step   675/1220 loss 1.0665 15,482 tok/s aux 0.120 maxload 1.13 dead 0
[moe] step   700/1220 loss 1.0270 15,558 tok/s aux 0.120 maxload 1.13 dead 0
[moe] step   725/1220 loss 1.0361 15,639 tok/s aux 0.120 maxload 1.16 dead 0
[moe] step   750/1220 loss 1.0501 15,720 tok/s aux 0.120 maxload 1.16 dead 0
[moe] step   775/1220 loss 0.9583 15,805 tok/s aux 0.120 maxload 1.12 dead 0
[moe] step   800/1220 loss 1.0395 15,890 tok/s aux 0.120 maxload 1.14 dead 0
[moe] step   825/1220 loss 0.9898 15,978 tok/s aux 0.120 maxload 1.15 dead 0
[moe] step   850/1220 loss 0.9684 16,068 tok/s aux 0.120 maxload 1.15 dead 0
[moe] step   875/1220 loss 0.9377 16,160 tok/s aux 0.120 maxload 1.10 dead 0
[moe] step   900/1220 loss 0.9357 16,251 tok/s aux 0.120 maxload 1.11 dead 0
[moe] step   925/1220 loss 0.9802 16,342 tok/s aux 0.120 maxload 1.12 dead 0
[moe] step   950/1220 loss 0.9000 16,433 tok/s aux 0.120 maxload 1.10 dead 0
[moe] step   975/1220 loss 0.9198 16,521 tok/s aux 0.120 maxload 1.08 dead 0
[moe] step  1000/1220 loss 0.9747 16,613 tok/s aux 0.120 maxload 1.08 dead 0
[moe] step  1025/1220 loss 0.9128 16,701 tok/s aux 0.120 maxload 1.09 dead 0
[moe] step  1050/1220 loss 0.8940 16,790 tok/s aux 0.120 maxload 1.09 dead 0
[moe] step  1075/1220 loss 0.9223 16,878 tok/s aux 0.120 maxload 1.08 dead 0
[moe] step  1100/1220 loss 0.8767 16,961 tok/s aux 0.120 maxload 1.08 dead 0
[moe] step  1125/1220 loss 0.8896 17,043 tok/s aux 0.120 maxload 1.08 dead 0
[moe] step  1150/1220 loss 0.9163 17,124 tok/s aux 0.120 maxload 1.08 dead 0
[moe] step  1175/1220 loss 0.9070 17,201 tok/s aux 0.120 maxload 1.09 dead 0
[moe] step  1200/1220 loss 0.8677 17,261 tok/s aux 0.120 maxload 1.10 dead 0
[moe] step  1219/1220 loss 0.8850 17,314 tok/s aux 0.120 maxload 1.07 dead 0

moe: ffn=moe params=46.32M (active 14.47M) val_loss=0.8902 speed=17,314 tok/s
[saved] results/moe.json
[figures + summary written]
